ninja: Entering directory `builddir'
[1/3] Linking target reproduce_crash
[2/3] Compiling C object vite.p/src_main.c.o
FAILED: [code=1] vite.p/src_main.c.o 
ccache cc -Ivite.p -I. -I.. -I/usr/include/gtk-4.0 -I/usr/include/pango-1.0 -I/usr/include/fribidi -I/usr/include/harfbuzz -I/usr/include/gdk-pixbuf-2.0 -I/usr/include/glycin-2 -I/usr/include/cairo -I/usr/include/libxml2 -I/usr/include/freetype2 -I/usr/include/libpng16 -I/usr/include/pixman-1 -I/usr/include/graphene-1.0 -I/usr/lib64/graphene-1.0/include -I/usr/include/glib-2.0 -I/usr/lib64/glib-2.0/include -I/usr/include/libmount -I/usr/include/blkid -I/usr/include/sysprof-6 -I/usr/include/libadwaita-1 -I/usr/include/appstream -fdiagnostics-color=always -Wall -Winvalid-pch -Wextra -Wpedantic -std=gnu11 -O0 -g -D_FILE_OFFSET_BITS=64 -mfpmath=sse -msse -msse2 -pthread -mfpmath=sse -msse -msse2 -DWITH_GZFILEOP -MD -MQ vite.p/src_main.c.o -MF vite.p/src_main.c.o.d -o vite.p/src_main.c.o -c ../src/main.c
../src/main.c: In function ‘on_open_btn_clicked’:
../src/main.c:90:46: warning: unused parameter ‘user_data’ [-Wunused-parameter]
   90 | on_open_btn_clicked(GtkButton *btn, gpointer user_data)
      |                                     ~~~~~~~~~^~~~~~~~~
../src/main.c: In function ‘on_view_close_clicked’:
../src/main.c:195:5: error: implicit declaration of function ‘on_close_split_clicked’ [-Wimplicit-function-declaration]
  195 |     on_close_split_clicked(btn, view_root);
      |     ^~~~~~~~~~~~~~~~~~~~~~
In file included from /usr/include/glib-2.0/gobject/gobject.h:30,
                 from /usr/include/glib-2.0/gobject/gbinding.h:31,
                 from /usr/include/glib-2.0/glib-object.h:24,
                 from /usr/include/gtk-4.0/gtk/css/gtkcssenumtypes.h:11,
                 from /usr/include/gtk-4.0/gtk/css/gtkcss.h:33,
                 from /usr/include/gtk-4.0/gtk/gtk.h:29,
                 from ../src/main.c:1:
../src/main.c: In function ‘create_view_container’:
../src/main.c:230:53: error: ‘on_close_split_clicked’ undeclared (first use in this function)
  230 |         g_signal_connect(btn, "clicked", G_CALLBACK(on_close_split_clicked), root_box);
      |                                                     ^~~~~~~~~~~~~~~~~~~~~~
/usr/include/glib-2.0/gobject/gsignal.h:549:60: note: in definition of macro ‘g_signal_connect’
  549 |     g_signal_connect_data ((instance), (detailed_signal), (c_handler), (data), NULL, (GConnectFlags) 0)
      |                                                            ^~~~~~~~~
../src/main.c:230:42: note: in expansion of macro ‘G_CALLBACK’
  230 |         g_signal_connect(btn, "clicked", G_CALLBACK(on_close_split_clicked), root_box);
      |                                          ^~~~~~~~~~
../src/main.c:230:53: note: each undeclared identifier is reported only once for each function it appears in
  230 |         g_signal_connect(btn, "clicked", G_CALLBACK(on_close_split_clicked), root_box);
      |                                                     ^~~~~~~~~~~~~~~~~~~~~~
/usr/include/glib-2.0/gobject/gsignal.h:549:60: note: in definition of macro ‘g_signal_connect’
  549 |     g_signal_connect_data ((instance), (detailed_signal), (c_handler), (data), NULL, (GConnectFlags) 0)
      |                                                            ^~~~~~~~~
../src/main.c:230:42: note: in expansion of macro ‘G_CALLBACK’
  230 |         g_signal_connect(btn, "clicked", G_CALLBACK(on_close_split_clicked), root_box);
      |                                          ^~~~~~~~~~
../src/main.c: At top level:
../src/main.c:299:1: warning: conflicting types for ‘on_close_split_clicked’; have ‘void(GtkButton *, void *)’ {aka ‘void(struct _GtkButton *, void *)’}
  299 | on_close_split_clicked(GtkButton *btn, gpointer user_data)
      | ^~~~~~~~~~~~~~~~~~~~~~
../src/main.c:299:1: error: static declaration of ‘on_close_split_clicked’ follows non-static declaration
../src/main.c:195:5: note: previous implicit declaration of ‘on_close_split_clicked’ with type ‘void(GtkButton *, void *)’ {aka ‘void(struct _GtkButton *, void *)’}
  195 |     on_close_split_clicked(btn, view_root);
      |     ^~~~~~~~~~~~~~~~~~~~~~
../src/main.c: In function ‘on_close_split_clicked’:
../src/main.c:299:35: warning: unused parameter ‘btn’ [-Wunused-parameter]
  299 | on_close_split_clicked(GtkButton *btn, gpointer user_data)
      |                        ~~~~~~~~~~~^~~
../src/main.c: In function ‘on_split_right’:
../src/main.c:568:31: warning: unused parameter ‘action’ [-Wunused-parameter]
  568 | on_split_right(GSimpleAction *action, GVariant *parameter, gpointer user_data)
      |                ~~~~~~~~~~~~~~~^~~~~~
../src/main.c:568:49: warning: unused parameter ‘parameter’ [-Wunused-parameter]
  568 | on_split_right(GSimpleAction *action, GVariant *parameter, gpointer user_data)
      |                                       ~~~~~~~~~~^~~~~~~~~
../src/main.c: In function ‘on_split_down’:
../src/main.c:575:30: warning: unused parameter ‘action’ [-Wunused-parameter]
  575 | on_split_down(GSimpleAction *action, GVariant *parameter, gpointer user_data)
      |               ~~~~~~~~~~~~~~~^~~~~~
../src/main.c:575:48: warning: unused parameter ‘parameter’ [-Wunused-parameter]
  575 | on_split_down(GSimpleAction *action, GVariant *parameter, gpointer user_data)
      |                                      ~~~~~~~~~~^~~~~~~~~
../src/main.c: In function ‘on_preferences_action’:
../src/main.c:584:38: warning: unused parameter ‘action’ [-Wunused-parameter]
  584 | on_preferences_action(GSimpleAction *action, GVariant *parameter, gpointer user_data)
      |                       ~~~~~~~~~~~~~~~^~~~~~
../src/main.c:584:56: warning: unused parameter ‘parameter’ [-Wunused-parameter]
  584 | on_preferences_action(GSimpleAction *action, GVariant *parameter, gpointer user_data)
      |                                              ~~~~~~~~~~^~~~~~~~~
../src/main.c: In function ‘update_window_title’:
../src/main.c:714:31: warning: unused parameter ‘doc’ [-Wunused-parameter]
  714 | update_window_title(Document *doc)
      |                     ~~~~~~~~~~^~~
../src/main.c: In function ‘on_document_modified’:
../src/main.c:763:32: warning: unused parameter ‘doc’ [-Wunused-parameter]
  763 | on_document_modified(Document *doc, gboolean modified, void *user_data)
      |                      ~~~~~~~~~~^~~
../src/main.c: In function ‘on_tab_clicked’:
../src/main.c:775:40: warning: unused parameter ‘user_data’ [-Wunused-parameter]
  775 | on_tab_clicked (ViteTab *tab, gpointer user_data)
      |                               ~~~~~~~~~^~~~~~~~~
../src/main.c: In function ‘on_tab_close_clicked’:
../src/main.c:935:46: warning: unused parameter ‘user_data’ [-Wunused-parameter]
  935 | on_tab_close_clicked (ViteTab *tab, gpointer user_data)
      |                                     ~~~~~~~~~^~~~~~~~~
../src/main.c: In function ‘on_new_tab_clicked_header’:
../src/main.c:979:39: warning: unused parameter ‘btn’ [-Wunused-parameter]
  979 | on_new_tab_clicked_header (GtkButton *btn, gpointer user_data)
      |                            ~~~~~~~~~~~^~~
../src/main.c: In function ‘on_overflow_changed’:
../src/main.c:1124:34: warning: unused parameter ‘bar’ [-Wunused-parameter]
 1124 | on_overflow_changed (ViteTabBar *bar, gboolean overflowing, gpointer user_data)
      |                      ~~~~~~~~~~~~^~~
../src/main.c: In function ‘on_popover_tab_row_activated’:
../src/main.c:1135:78: warning: unused parameter ‘user_data’ [-Wunused-parameter]
 1135 | on_popover_tab_row_activated (GtkListBox *list, GtkListBoxRow *row, gpointer user_data)
      |                                                                     ~~~~~~~~~^~~~~~~~~
../src/main.c: In function ‘update_open_tabs_list’:
/usr/include/glib-2.0/gobject/gsignal.h:632:55: warning: ISO C forbids passing argument 6 of ‘g_signal_handlers_disconnect_matched’ between function pointer and ‘void *’ [-Wpedantic]
  632 |                                           0, 0, NULL, (func), (data))
      |                                                       ^~~~~~
../src/main.c:1213:5: note: in expansion of macro ‘g_signal_handlers_disconnect_by_func’
 1213 |     g_signal_handlers_disconnect_by_func(list, on_popover_tab_row_activated, NULL);
      |     ^~~~~~~~~~~~~~~~~~~~~~~~~~~~~~~~~~~~
/usr/include/glib-2.0/gobject/gsignal.h:482:67: note: expected ‘gpointer’ {aka ‘void *’} but argument is of type ‘void (*)(GtkListBox *, GtkListBoxRow *, void *)’ {aka ‘void (*)(struct _GtkListBox *, struct _GtkListBoxRow *, void *)’}
  482 |                                                gpointer           func,
      |                                                ~~~~~~~~~~~~~~~~~~~^~~~
../src/main.c:1160:14: warning: unused variable ‘root’ [-Wunused-variable]
 1160 |     GtkRoot *root = gtk_widget_get_root(popover); /* Popover root might be window? No, attached to button. */
      |              ^~~~
../src/main.c: In function ‘update_recent_files_list’:
../src/main.c:1218:64: warning: unused parameter ‘app’ [-Wunused-parameter]
 1218 | update_recent_files_list(GtkListBox *list_box, GtkApplication *app, GtkPopover *popover)
      |                                                ~~~~~~~~~~~~~~~~^~~
../src/main.c:1218:81: warning: unused parameter ‘popover’ [-Wunused-parameter]
 1218 | update_recent_files_list(GtkListBox *list_box, GtkApplication *app, GtkPopover *popover)
      |                                                                     ~~~~~~~~~~~~^~~~~~~
../src/main.c: In function ‘on_remove_recent_clicked’:
../src/main.c:1395:41: warning: unused parameter ‘action’ [-Wunused-parameter]
 1395 | on_remove_recent_clicked(GSimpleAction *action, GVariant *parameter, gpointer user_data)
      |                          ~~~~~~~~~~~~~~~^~~~~~
../src/main.c:1395:59: warning: unused parameter ‘parameter’ [-Wunused-parameter]
 1395 | on_remove_recent_clicked(GSimpleAction *action, GVariant *parameter, gpointer user_data)
      |                                                 ~~~~~~~~~~^~~~~~~~~
../src/main.c: In function ‘on_close_recent_btn_clicked’:
../src/main.c:1401:40: warning: unused parameter ‘btn’ [-Wunused-parameter]
 1401 | on_close_recent_btn_clicked(GtkButton *btn, gpointer user_data)
      |                             ~~~~~~~~~~~^~~
../src/main.c: In function ‘on_clear_all_clicked’:
../src/main.c:1431:37: warning: unused parameter ‘action’ [-Wunused-parameter]
 1431 | on_clear_all_clicked(GSimpleAction *action, GVariant *parameter, gpointer user_data)
      |                      ~~~~~~~~~~~~~~~^~~~~~
../src/main.c:1431:55: warning: unused parameter ‘parameter’ [-Wunused-parameter]
 1431 | on_clear_all_clicked(GSimpleAction *action, GVariant *parameter, gpointer user_data)
      |                                             ~~~~~~~~~~^~~~~~~~~
../src/main.c: In function ‘on_recent_popover_unmap’:
../src/main.c:1449:36: warning: unused parameter ‘popover’ [-Wunused-parameter]
 1449 | on_recent_popover_unmap(GtkWidget *popover, gpointer user_data)
      |                         ~~~~~~~~~~~^~~~~~~
../src/main.c: In function ‘on_search_key_pressed’:
../src/main.c:1456:46: warning: unused parameter ‘controller’ [-Wunused-parameter]
 1456 | on_search_key_pressed(GtkEventControllerKey *controller, guint keyval, guint keycode, GdkModifierType state, gpointer user_data)
      |                       ~~~~~~~~~~~~~~~~~~~~~~~^~~~~~~~~~
../src/main.c:1456:78: warning: unused parameter ‘keycode’ [-Wunused-parameter]
 1456 | on_search_key_pressed(GtkEventControllerKey *controller, guint keyval, guint keycode, GdkModifierType state, gpointer user_data)
      |                                                                        ~~~~~~^~~~~~~
../src/main.c:1456:103: warning: unused parameter ‘state’ [-Wunused-parameter]
 1456 | on_search_key_pressed(GtkEventControllerKey *controller, guint keyval, guint keycode, GdkModifierType state, gpointer user_data)
      |                                                                                       ~~~~~~~~~~~~~~~~^~~~~
../src/main.c: In function ‘on_recent_context_menu’:
../src/main.c:1467:41: warning: unused parameter ‘gesture’ [-Wunused-parameter]
 1467 | on_recent_context_menu(GtkGestureClick *gesture, int n_press, double x, double y, gpointer user_data)
      |                        ~~~~~~~~~~~~~~~~~^~~~~~~
../src/main.c:1467:54: warning: unused parameter ‘n_press’ [-Wunused-parameter]
 1467 | on_recent_context_menu(GtkGestureClick *gesture, int n_press, double x, double y, gpointer user_data)
      |                                                  ~~~~^~~~~~~
../src/main.c: In function ‘on_new_window_action’:
../src/main.c:1502:37: warning: unused parameter ‘action’ [-Wunused-parameter]
 1502 | on_new_window_action(GSimpleAction *action, GVariant *parameter, gpointer user_data)
      |                      ~~~~~~~~~~~~~~~^~~~~~
../src/main.c:1502:55: warning: unused parameter ‘parameter’ [-Wunused-parameter]
 1502 | on_new_window_action(GSimpleAction *action, GVariant *parameter, gpointer user_data)
      |                                             ~~~~~~~~~~^~~~~~~~~
../src/main.c: In function ‘on_tab_move_to_new_window’:
../src/main.c:1509:51: warning: unused parameter ‘user_data’ [-Wunused-parameter]
 1509 | on_tab_move_to_new_window (ViteTab *tab, gpointer user_data)
      |                                          ~~~~~~~~~^~~~~~~~~
../src/main.c: In function ‘on_tab_dropped’:
../src/main.c:1586:28: warning: unused parameter ‘tab_bar’ [-Wunused-parameter]
 1586 | on_tab_dropped(ViteTabBar *tab_bar, ViteTab *tab, int position, gpointer user_data)
      |                ~~~~~~~~~~~~^~~~~~~
../src/main.c: In function ‘on_window_drop’:
../src/main.c:1593:31: warning: unused parameter ‘target’ [-Wunused-parameter]
 1593 | on_window_drop(GtkDropTarget *target, const GValue *value, double x, double y, ViteWindow *win)
      |                ~~~~~~~~~~~~~~~^~~~~~
../src/main.c:1593:67: warning: unused parameter ‘x’ [-Wunused-parameter]
 1593 | on_window_drop(GtkDropTarget *target, const GValue *value, double x, double y, ViteWindow *win)
      |                                                            ~~~~~~~^
../src/main.c:1593:77: warning: unused parameter ‘y’ [-Wunused-parameter]
 1593 | on_window_drop(GtkDropTarget *target, const GValue *value, double x, double y, ViteWindow *win)
      |                                                                      ~~~~~~~^
../src/main.c: In function ‘create_new_tab’:
../src/main.c:1629:24: warning: format ‘%p’ expects argument of type ‘void *’, but argument 3 has type ‘GtkWidget *’ {aka ‘struct _GtkWidget *’} [-Wformat=]
 1629 |     sprintf(id, "page_%p", page_root);
      |                       ~^   ~~~~~~~~~
      |                        |   |
      |                        |   GtkWidget * {aka struct _GtkWidget *}
      |                        void *
../src/main.c: In function ‘on_close_curr_tab_clicked’:
../src/main.c:1687:53: warning: unused parameter ‘user_data’ [-Wunused-parameter]
 1687 | on_close_curr_tab_clicked (GtkButton *btn, gpointer user_data)
      |                                            ~~~~~~~~~^~~~~~~~~
../src/main.c: In function ‘on_close_split_action’:
../src/main.c:1710:25: error: implicit declaration of function ‘get_active_overlay’ [-Wimplicit-function-declaration]
 1710 |     GtkWidget *target = get_active_overlay(win);
      |                         ^~~~~~~~~~~~~~~~~~
../src/main.c:1710:25: error: initialization of ‘GtkWidget *’ {aka ‘struct _GtkWidget *’} from ‘int’ makes pointer from integer without a cast [-Wint-conversion]
../src/main.c:1706:38: warning: unused parameter ‘action’ [-Wunused-parameter]
 1706 | on_close_split_action(GSimpleAction *action, GVariant *parameter, gpointer user_data)
      |                       ~~~~~~~~~~~~~~~^~~~~~
../src/main.c:1706:56: warning: unused parameter ‘parameter’ [-Wunused-parameter]
 1706 | on_close_split_action(GSimpleAction *action, GVariant *parameter, gpointer user_data)
      |                                              ~~~~~~~~~~^~~~~~~~~
../src/main.c: In function ‘setup_window’:
../src/main.c:1882:9: warning: missing initializer for field ‘padding’ of ‘GActionEntry’ {aka ‘const struct _GActionEntry’} [-Wmissing-field-initializers]
 1882 |         { "new-window", on_new_window_action, NULL, NULL, NULL },
      |         ^
In file included from /usr/include/glib-2.0/gio/gio.h:33,
                 from /usr/include/gtk-4.0/gtk/css/gtkcsssection.h:24,
                 from /usr/include/gtk-4.0/gtk/css/gtkcss.h:36:
/usr/include/glib-2.0/gio/gactionmap.h:74:9: note: ‘padding’ declared here
   74 |   gsize padding[3];
      |         ^~~~~~~
../src/main.c:1883:9: warning: missing initializer for field ‘padding’ of ‘GActionEntry’ {aka ‘const struct _GActionEntry’} [-Wmissing-field-initializers]
 1883 |         { "split-right", on_split_right, NULL, NULL, NULL },
      |         ^
/usr/include/glib-2.0/gio/gactionmap.h:74:9: note: ‘padding’ declared here
   74 |   gsize padding[3];
      |         ^~~~~~~
../src/main.c:1884:9: warning: missing initializer for field ‘padding’ of ‘GActionEntry’ {aka ‘const struct _GActionEntry’} [-Wmissing-field-initializers]
 1884 |         { "split-down", on_split_down, NULL, NULL, NULL },
      |         ^
/usr/include/glib-2.0/gio/gactionmap.h:74:9: note: ‘padding’ declared here
   74 |   gsize padding[3];
      |         ^~~~~~~
../src/main.c:1885:9: warning: missing initializer for field ‘padding’ of ‘GActionEntry’ {aka ‘const struct _GActionEntry’} [-Wmissing-field-initializers]
 1885 |         { "close-split", on_close_split_action, NULL, NULL, NULL },
      |         ^
/usr/include/glib-2.0/gio/gactionmap.h:74:9: note: ‘padding’ declared here
   74 |   gsize padding[3];
      |         ^~~~~~~
../src/main.c:1886:9: warning: missing initializer for field ‘padding’ of ‘GActionEntry’ {aka ‘const struct _GActionEntry’} [-Wmissing-field-initializers]
 1886 |         { "preferences", on_preferences_action, NULL, NULL, NULL }
      |         ^
/usr/include/glib-2.0/gio/gactionmap.h:74:9: note: ‘padding’ declared here
   74 |   gsize padding[3];
      |         ^~~~~~~
../src/main.c: In function ‘activate’:
../src/main.c:1948:40: warning: unused parameter ‘user_data’ [-Wunused-parameter]
 1948 | activate(GtkApplication *app, gpointer user_data)
      |                               ~~~~~~~~~^~~~~~~~~
../src/main.c: In function ‘on_split_mode_change’:
../src/main.c:2003:18: error: implicit declaration of function ‘handle_view_close’ [-Wimplicit-function-declaration]
 2003 |                  handle_view_close(child2);
      |                  ^~~~~~~~~~~~~~~~~
../src/main.c:2021:22: error: implicit declaration of function ‘split_view’; did you mean ‘close_split_view’? [-Wimplicit-function-declaration]
 2021 |                      split_view(win, req_orient);
      |                      ^~~~~~~~~~
      |                      close_split_view
../src/main.c:1983:14: warning: unused variable ‘is_split’ [-Wunused-variable]
 1983 |     gboolean is_split = GTK_IS_PANED(page_root) || (gtk_widget_get_parent(page_root) && GTK_IS_PANED(gtk_widget_get_parent(page_root)));
      |              ^~~~~~~~
../src/main.c:1975:16: warning: unused variable ‘potential_split’ [-Wunused-variable]
 1975 |     GtkWidget *potential_split = NULL; /* The Paned or Split Overlay */
      |                ^~~~~~~~~~~~~~~
../src/main.c: In function ‘on_open’:
../src/main.c:2169:64: warning: unused parameter ‘hint’ [-Wunused-parameter]
 2169 | on_open(GtkApplication *app, GFile **files, int n_files, char *hint, gpointer user_data)
      |                                                          ~~~~~~^~~~
../src/main.c:2169:79: warning: unused parameter ‘user_data’ [-Wunused-parameter]
 2169 | on_open(GtkApplication *app, GFile **files, int n_files, char *hint, gpointer user_data)
      |                                                                      ~~~~~~~~~^~~~~~~~~
../src/main.c: At top level:
../src/main.c:2188:1: error: conflicting types for ‘get_active_overlay’; have ‘GtkWidget *(ViteWindow *)’ {aka ‘struct _GtkWidget *(struct _ViteWindow *)’}
 2188 | get_active_overlay(ViteWindow *win) {
      | ^~~~~~~~~~~~~~~~~~
../src/main.c:1710:25: note: previous implicit declaration of ‘get_active_overlay’ with type ‘int()’
 1710 |     GtkWidget *target = get_active_overlay(win);
      |                         ^~~~~~~~~~~~~~~~~~
../src/main.c: In function ‘on_find_action’:
../src/main.c:2212:43: warning: unused parameter ‘action’ [-Wunused-parameter]
 2212 | static void on_find_action(GSimpleAction *action, GVariant *parameter, gpointer user_data) {
      |                            ~~~~~~~~~~~~~~~^~~~~~
../src/main.c:2212:61: warning: unused parameter ‘parameter’ [-Wunused-parameter]
 2212 | static void on_find_action(GSimpleAction *action, GVariant *parameter, gpointer user_data) {
      |                                                   ~~~~~~~~~~^~~~~~~~~
../src/main.c: In function ‘on_replace_action’:
../src/main.c:2235:46: warning: unused parameter ‘action’ [-Wunused-parameter]
 2235 | static void on_replace_action(GSimpleAction *action, GVariant *parameter, gpointer user_data) {
      |                               ~~~~~~~~~~~~~~~^~~~~~
../src/main.c:2235:64: warning: unused parameter ‘parameter’ [-Wunused-parameter]
 2235 | static void on_replace_action(GSimpleAction *action, GVariant *parameter, gpointer user_data) {
      |                                                      ~~~~~~~~~~^~~~~~~~~
../src/main.c: At top level:
../src/main.c:1962:1: warning: ‘on_split_mode_change’ defined but not used [-Wunused-function]
 1962 | on_split_mode_change(GSimpleAction *action, GVariant *value, gpointer user_data)
      | ^~~~~~~~~~~~~~~~~~~~
../src/main.c:1687:1: warning: ‘on_close_curr_tab_clicked’ defined but not used [-Wunused-function]
 1687 | on_close_curr_tab_clicked (GtkButton *btn, gpointer user_data)
      | ^~~~~~~~~~~~~~~~~~~~~~~~~
../src/main.c:994:1: warning: ‘on_action_row_activated’ defined but not used [-Wunused-function]
  994 | on_action_row_activated(GtkListBox *list, GtkListBoxRow *row, gpointer user_data)
      | ^~~~~~~~~~~~~~~~~~~~~~~
../src/main.c:714:1: warning: ‘update_window_title’ defined but not used [-Wunused-function]
  714 | update_window_title(Document *doc)
      | ^~~~~~~~~~~~~~~~~~~
../src/main.c:299:1: warning: ‘on_close_split_clicked’ defined but not used [-Wunused-function]
  299 | on_close_split_clicked(GtkButton *btn, gpointer user_data)
      | ^~~~~~~~~~~~~~~~~~~~~~
../src/main.c:193:1: warning: ‘on_view_close_clicked’ defined but not used [-Wunused-function]
  193 | on_view_close_clicked(GtkButton *btn, GtkWidget *view_root) {
      | ^~~~~~~~~~~~~~~~~~~~~
../src/main.c:40:1: warning: ‘on_file_opened’ defined but not used [-Wunused-function]
   40 | on_file_opened (GObject* source_object, GAsyncResult* res, gpointer user_data)
      | ^~~~~~~~~~~~~~
ninja: build stopped: subcommand failed.
