src/main.c:109:42: error: unknown type name ‘ViteSplitView’
  109 | update_tab_bar_for_view(ViteWindow *win, ViteSplitView *view)
      |                                          ^~~~~~~~~~~~~
src/main.c:165:40: error: unknown type name ‘ViteSplitView’
  165 | on_split_close_clicked(GtkButton *btn, ViteSplitView *view);
      |                                        ^~~~~~~~~~~~~
src/main.c:167:8: error: unknown type name ‘ViteSplitView’
  167 | static ViteSplitView *
      |        ^~~~~~~~~~~~~
src/main.c: In function ‘create_split_view’:
src/main.c:177:1: error: invalid storage class for function ‘create_view_container’
  177 | create_view_container(ViteWindow *win, GtkWidget *editor, gboolean show_close);
      | ^~~~~~~~~~~~~~~~~~~~~
src/main.c:180:1: error: invalid storage class for function ‘on_view_close_clicked’
  180 | on_view_close_clicked(GtkButton *btn, GtkWidget *overlay)
      | ^~~~~~~~~~~~~~~~~~~~~
src/main.c:240:1: error: invalid storage class for function ‘handle_view_close’
  240 | handle_view_close(GtkWidget *overlay) {
      | ^~~~~~~~~~~~~~~~~
src/main.c:321:13: error: invalid storage class for function ‘on_view_close_clicked’
  321 | static void on_view_close_clicked(GtkButton *btn, GtkWidget *overlay) {
      |             ^~~~~~~~~~~~~~~~~~~~~
src/main.c:321:13: error: redefinition of ‘on_view_close_clicked’
src/main.c:180:1: note: previous definition of ‘on_view_close_clicked’ with type ‘void(GtkButton *, GtkWidget *)’ {aka ‘void(struct _GtkButton *, struct _GtkWidget *)’}
  180 | on_view_close_clicked(GtkButton *btn, GtkWidget *overlay)
      | ^~~~~~~~~~~~~~~~~~~~~
src/main.c:326:1: error: invalid storage class for function ‘create_view_container’
  326 | create_view_container(ViteWindow *win, GtkWidget *editor, gboolean show_close)
      | ^~~~~~~~~~~~~~~~~~~~~
src/main.c:349:1: error: invalid storage class for function ‘split_view’
  349 | split_view(ViteWindow *win, GtkOrientation orientation)
      | ^~~~~~~~~~
src/main.c: In function ‘split_view’:
src/main.c:376:29: error: too many arguments to function ‘editor_widget_new’; expected 0, have 1
  376 |     GtkWidget *new_editor = editor_widget_new(doc);
      |                             ^~~~~~~~~~~~~~~~~ ~~~
In file included from src/main.c:4:
src/editor-widget.h:10:12: note: declared here
   10 | GtkWidget *editor_widget_new(void);
      |            ^~~~~~~~~~~~~~~~~
src/main.c: In function ‘create_split_view’:
src/main.c:414:1: error: invalid storage class for function ‘on_preferences_action’
  414 | on_preferences_action(GSimpleAction *action, GVariant *parameter, gpointer user_data)
      | ^~~~~~~~~~~~~~~~~~~~~
src/main.c:456:1: error: invalid storage class for function ‘get_editor_from_page’
  456 | get_editor_from_page(GtkWidget *page) {
      | ^~~~~~~~~~~~~~~~~~~~
src/main.c:475:1: error: invalid storage class for function ‘update_window_title_for_tab’
  475 | update_window_title_for_tab(ViteTab *tab)
      | ^~~~~~~~~~~~~~~~~~~~~~~~~~~
src/main.c:528:1: error: invalid storage class for function ‘update_window_title’
  528 | update_window_title(Document *doc)
      | ^~~~~~~~~~~~~~~~~~~
src/main.c:534:1: error: invalid storage class for function ‘on_document_content_changed’
  534 | on_document_content_changed(Document *doc, void *user_data)
      | ^~~~~~~~~~~~~~~~~~~~~~~~~~~
src/main.c:577:1: error: invalid storage class for function ‘on_document_modified’
  577 | on_document_modified(Document *doc, gboolean modified, void *user_data)
      | ^~~~~~~~~~~~~~~~~~~~
src/main.c:589:1: error: invalid storage class for function ‘on_tab_clicked’
  589 | on_tab_clicked (ViteTab *tab, gpointer user_data)
      | ^~~~~~~~~~~~~~
src/main.c:609:1: error: invalid storage class for function ‘load_css’
  609 | load_css(void)
      | ^~~~~~~~
src/main.c:700:1: error: invalid storage class for function ‘on_tab_close_clicked’
  700 | on_tab_close_clicked (ViteTab *tab, gpointer user_data)
      | ^~~~~~~~~~~~~~~~~~~~
src/main.c:734:1: error: invalid storage class for function ‘on_new_tab_clicked_header’
  734 | on_new_tab_clicked_header (GtkButton *btn, gpointer user_data)
      | ^~~~~~~~~~~~~~~~~~~~~~~~~
src/main.c:749:1: error: invalid storage class for function ‘on_action_row_activated’
  749 | on_action_row_activated(GtkListBox *list, GtkListBoxRow *row, gpointer user_data)
      | ^~~~~~~~~~~~~~~~~~~~~~~
src/main.c:767:1: error: invalid storage class for function ‘on_recent_item_activated’
  767 | on_recent_item_activated(GtkListBox *list_box, GtkListBoxRow *row, gpointer user_data)
      | ^~~~~~~~~~~~~~~~~~~~~~~~
src/main.c:792:1: error: invalid storage class for function ‘get_local_recents_path’
  792 | get_local_recents_path(void)
      | ^~~~~~~~~~~~~~~~~~~~~~
src/main.c:803:1: error: invalid storage class for function ‘load_local_recents’
  803 | load_local_recents(void)
      | ^~~~~~~~~~~~~~~~~~
src/main.c:825:1: error: invalid storage class for function ‘save_local_recents’
  825 | save_local_recents(GList *uris)
      | ^~~~~~~~~~~~~~~~~~
src/main.c:838:1: error: invalid storage class for function ‘add_to_local_recents’
  838 | add_to_local_recents(const char *uri)
      | ^~~~~~~~~~~~~~~~~~~~
src/main.c:869:1: error: invalid storage class for function ‘update_overflow_idle’
  869 | update_overflow_idle (gpointer data)
      | ^~~~~~~~~~~~~~~~~~~~
src/main.c:879:1: error: invalid storage class for function ‘on_overflow_changed’
  879 | on_overflow_changed (ViteTabBar *bar, gboolean overflowing, gpointer user_data)
      | ^~~~~~~~~~~~~~~~~~~
src/main.c:890:1: error: invalid storage class for function ‘on_popover_tab_row_activated’
  890 | on_popover_tab_row_activated (GtkListBox *list, GtkListBoxRow *row, gpointer user_data)
      | ^~~~~~~~~~~~~~~~~~~~~~~~~~~~
src/main.c:902:1: error: invalid storage class for function ‘update_open_tabs_list’
  902 | update_open_tabs_list (GtkWidget *popover, gpointer user_data)
      | ^~~~~~~~~~~~~~~~~~~~~
src/main.c:973:1: error: invalid storage class for function ‘update_recent_files_list’
  973 | update_recent_files_list(GtkListBox *list_box, GtkApplication *app, GtkPopover *popover)
      | ^~~~~~~~~~~~~~~~~~~~~~~~
src/main.c:1098:1: error: invalid storage class for function ‘filter_recent_items’
 1098 | filter_recent_items(GtkListBoxRow *row, gpointer user_data)
      | ^~~~~~~~~~~~~~~~~~~
src/main.c:1122:1: error: invalid storage class for function ‘on_search_changed’
 1122 | on_search_changed(GtkSearchEntry *entry, gpointer user_data)
      | ^~~~~~~~~~~~~~~~~
src/main.c:1131:1: error: invalid storage class for function ‘remove_recent_item’
 1131 | remove_recent_item(GtkListBoxRow *row)
      | ^~~~~~~~~~~~~~~~~~
src/main.c:1150:1: error: invalid storage class for function ‘on_remove_recent_clicked’
 1150 | on_remove_recent_clicked(GSimpleAction *action, GVariant *parameter, gpointer user_data)
      | ^~~~~~~~~~~~~~~~~~~~~~~~
src/main.c:1156:1: error: invalid storage class for function ‘on_close_recent_btn_clicked’
 1156 | on_close_recent_btn_clicked(GtkButton *btn, gpointer user_data)
      | ^~~~~~~~~~~~~~~~~~~~~~~~~~~
src/main.c:1163:1: error: invalid storage class for function ‘on_clear_all_confirmed’
 1163 | on_clear_all_confirmed(GObject *source_object, GAsyncResult *res, gpointer user_data)
      | ^~~~~~~~~~~~~~~~~~~~~~
src/main.c:1186:1: error: invalid storage class for function ‘on_clear_all_clicked’
 1186 | on_clear_all_clicked(GSimpleAction *action, GVariant *parameter, gpointer user_data)
      | ^~~~~~~~~~~~~~~~~~~~
src/main.c:1204:1: error: invalid storage class for function ‘on_recent_popover_unmap’
 1204 | on_recent_popover_unmap(GtkWidget *popover, gpointer user_data)
      | ^~~~~~~~~~~~~~~~~~~~~~~
src/main.c:1211:1: error: invalid storage class for function ‘on_search_key_pressed’
 1211 | on_search_key_pressed(GtkEventControllerKey *controller, guint keyval, guint keycode, GdkModifierType state, gpointer user_data)
      | ^~~~~~~~~~~~~~~~~~~~~
src/main.c:1222:1: error: invalid storage class for function ‘on_recent_context_menu’
 1222 | on_recent_context_menu(GtkGestureClick *gesture, int n_press, double x, double y, gpointer user_data)
      | ^~~~~~~~~~~~~~~~~~~~~~
src/main.c:1257:1: error: invalid storage class for function ‘on_new_window_action’
 1257 | on_new_window_action(GSimpleAction *action, GVariant *parameter, gpointer user_data)
      | ^~~~~~~~~~~~~~~~~~~~
src/main.c:1264:1: error: invalid storage class for function ‘on_tab_move_to_new_window’
 1264 | on_tab_move_to_new_window (ViteTab *tab, gpointer user_data)
      | ^~~~~~~~~~~~~~~~~~~~~~~~~
src/main.c:1286:1: error: invalid storage class for function ‘move_tab_to_window’
 1286 | move_tab_to_window(ViteWindow *target_win, ViteTab *tab, int position)
      | ^~~~~~~~~~~~~~~~~~
src/main.c:1331:1: error: invalid storage class for function ‘on_tab_dropped’
 1331 | on_tab_dropped(ViteTabBar *tab_bar, ViteTab *tab, int position, gpointer user_data)
      | ^~~~~~~~~~~~~~
src/main.c:1338:1: error: invalid storage class for function ‘on_window_drop’
 1338 | on_window_drop(GtkDropTarget *target, const GValue *value, double x, double y, ViteWindow *win)
      | ^~~~~~~~~~~~~~
src/main.c:1350:1: error: invalid storage class for function ‘create_new_tab’
 1350 | create_new_tab (ViteWindow *win, const char *title, Document *doc)
      | ^~~~~~~~~~~~~~
src/main.c:1426:1: error: invalid storage class for function ‘on_close_curr_tab_clicked’
 1426 | on_close_curr_tab_clicked (GtkButton *btn, gpointer user_data)
      | ^~~~~~~~~~~~~~~~~~~~~~~~~
src/main.c:1444:1: error: invalid storage class for function ‘setup_window’
 1444 | setup_window(GtkWindow *window)
      | ^~~~~~~~~~~~
src/main.c:1644:1: error: invalid storage class for function ‘activate’
 1644 | activate(GtkApplication *app, gpointer user_data)
      | ^~~~~~~~
src/main.c:1658:1: error: invalid storage class for function ‘on_split_horizontal_action’
 1658 | on_split_horizontal_action(GSimpleAction *action, GVariant *parameter, gpointer user_data)
      | ^~~~~~~~~~~~~~~~~~~~~~~~~~
src/main.c:1665:1: error: invalid storage class for function ‘on_split_vertical_action’
 1665 | on_split_vertical_action(GSimpleAction *action, GVariant *parameter, gpointer user_data)
      | ^~~~~~~~~~~~~~~~~~~~~~~~
src/main.c:1672:1: error: invalid storage class for function ‘open_file’
 1672 | open_file(GtkApplication *app, ViteWindow *target_window, GFile *file)
      | ^~~~~~~~~
src/main.c:1805:1: error: invalid storage class for function ‘on_open’
 1805 | on_open(GtkApplication *app, GFile **files, int n_files, char *hint, gpointer user_data)
      | ^~~~~~~
src/main.c:1822:1: error: expected declaration or statement at end of input
 1822 | }
      | ^
src/main.c: At top level:
src/main.c:22:13: warning: ‘open_file’ used but never defined
   22 | static void open_file(GtkApplication *app, ViteWindow *target_window, GFile *file);
      |             ^~~~~~~~~
src/main.c:23:13: warning: ‘create_new_tab’ used but never defined
   23 | static void create_new_tab (ViteWindow *win, const char *title, Document *doc);
      |             ^~~~~~~~~~~~~~
src/main.c:24:20: warning: ‘setup_window’ used but never defined
   24 | static ViteWindow *setup_window(GtkWindow *window);
      |                    ^~~~~~~~~~~~
src/main.c:25:13: warning: ‘activate’ used but never defined
   25 | static void activate(GtkApplication *app, gpointer user_data);
      |             ^~~~~~~~
src/main.c:33:13: warning: ‘on_close_recent_btn_clicked’ used but never defined
   33 | static void on_close_recent_btn_clicked(GtkButton *btn, gpointer user_data);
      |             ^~~~~~~~~~~~~~~~~~~~~~~~~~~
src/main.c:36:13: warning: ‘move_tab_to_window’ used but never defined
   36 | static void move_tab_to_window(ViteWindow *target_win, ViteTab *tab, int position);
      |             ^~~~~~~~~~~~~~~~~~
src/main.c:37:13: warning: ‘on_split_horizontal_action’ used but never defined
   37 | static void on_split_horizontal_action(GSimpleAction *action, GVariant *parameter, gpointer user_data);
      |             ^~~~~~~~~~~~~~~~~~~~~~~~~~
src/main.c:38:13: warning: ‘on_split_vertical_action’ used but never defined
   38 | static void on_split_vertical_action(GSimpleAction *action, GVariant *parameter, gpointer user_data);
      |             ^~~~~~~~~~~~~~~~~~~~~~~~
